// Jest Snapshot v1, https://goo.gl/fbAQLP

exports[`RadioSelect renders correctly with provided props 1`] = `
<View
  testID="radio-select-wrapper"
>
  <Text
    testID="radio-title"
  >
    Select an option
  </Text>
  <View
    accessibilityState={
      {
        "busy": undefined,
        "checked": undefined,
        "disabled": false,
        "expanded": undefined,
        "selected": undefined,
      }
    }
    accessibilityValue={
      {
        "max": undefined,
        "min": undefined,
        "now": undefined,
        "text": undefined,
      }
    }
    accessible={true}
    collapsable={false}
    focusable={true}
    onClick={[Function]}
    onResponderGrant={[Function]}
    onResponderMove={[Function]}
    onResponderRelease={[Function]}
    onResponderTerminate={[Function]}
    onResponderTerminationRequest={[Function]}
    onStartShouldSetResponder={[Function]}
    style={
      {
        "opacity": 1,
      }
    }
    testID="radio-option"
  >
    <View
      data-isactive={false}
      isActive={false}
      testID="button-radio-container"
    >
      <View
        data-isactive={false}
        isActive={false}
        testID="button-radio-inner"
      />
    </View>
    <Text
      testID="radio-option-text"
    >
      Option 1
    </Text>
  </View>
  <View
    accessibilityState={
      {
        "busy": undefined,
        "checked": undefined,
        "disabled": false,
        "expanded": undefined,
        "selected": undefined,
      }
    }
    accessibilityValue={
      {
        "max": undefined,
        "min": undefined,
        "now": undefined,
        "text": undefined,
      }
    }
    accessible={true}
    collapsable={false}
    focusable={true}
    onClick={[Function]}
    onResponderGrant={[Function]}
    onResponderMove={[Function]}
    onResponderRelease={[Function]}
    onResponderTerminate={[Function]}
    onResponderTerminationRequest={[Function]}
    onStartShouldSetResponder={[Function]}
    style={
      {
        "opacity": 1,
      }
    }
    testID="radio-option"
  >
    <View
      data-isactive={true}
      isActive={true}
      testID="button-radio-container"
    >
      <View
        data-isactive={true}
        isActive={true}
        testID="button-radio-inner"
      />
    </View>
    <Text
      testID="radio-option-text"
    >
      Option 2
    </Text>
  </View>
  <View
    accessibilityState={
      {
        "busy": undefined,
        "checked": undefined,
        "disabled": false,
        "expanded": undefined,
        "selected": undefined,
      }
    }
    accessibilityValue={
      {
        "max": undefined,
        "min": undefined,
        "now": undefined,
        "text": undefined,
      }
    }
    accessible={true}
    collapsable={false}
    focusable={true}
    onClick={[Function]}
    onResponderGrant={[Function]}
    onResponderMove={[Function]}
    onResponderRelease={[Function]}
    onResponderTerminate={[Function]}
    onResponderTerminationRequest={[Function]}
    onStartShouldSetResponder={[Function]}
    style={
      {
        "opacity": 1,
      }
    }
    testID="radio-option"
  >
    <View
      data-isactive={false}
      isActive={false}
      testID="button-radio-container"
    >
      <View
        data-isactive={false}
        isActive={false}
        testID="button-radio-inner"
      />
    </View>
    <Text
      testID="radio-option-text"
    >
      Option 3
    </Text>
  </View>
</View>
`;
